Performing C SOURCE FILE Test have_sa_len failed with the following output:
Change Dir: /mnt/d/code/project/Go2ProController/client/build2/CMakeFiles/CMakeTmp

Run Build Command(s):/usr/bin/ninja cmTC_6c70e && [1/2] Building C object CMakeFiles/cmTC_6c70e.dir/src.c.o
FAILED: CMakeFiles/cmTC_6c70e.dir/src.c.o 
/usr/bin/cc -Dhave_sa_len -I/mnt/d/code/project/Go2ProController/client/build/_deps/libdatachannel-src/deps/usrsctp/usrsctplib -fPIE -o CMakeFiles/cmTC_6c70e.dir/src.c.o -c /mnt/d/code/project/Go2ProController/client/build2/CMakeFiles/CMakeTmp/src.c
/mnt/d/code/project/Go2ProController/client/build2/CMakeFiles/CMakeTmp/src.c: In function ‘main’:
/mnt/d/code/project/Go2ProController/client/build2/CMakeFiles/CMakeTmp/src.c:7:38: error: ‘struct sockaddr’ has no member named ‘sa_len’
    7 |   (void)sizeof(((struct sockaddr *)0)->sa_len);
      |                                      ^~
ninja: build stopped: subcommand failed.


Source file was:

#include <sys/types.h>
#include <sys/socket.h>

int main()
{
  (void)sizeof(((struct sockaddr *)0)->sa_len);
  return 0;
}

Performing C SOURCE FILE Test have_sin_len failed with the following output:
Change Dir: /mnt/d/code/project/Go2ProController/client/build2/CMakeFiles/CMakeTmp

Run Build Command(s):/usr/bin/ninja cmTC_05f69 && [1/2] Building C object CMakeFiles/cmTC_05f69.dir/src.c.o
FAILED: CMakeFiles/cmTC_05f69.dir/src.c.o 
/usr/bin/cc -Dhave_sin_len -I/mnt/d/code/project/Go2ProController/client/build/_deps/libdatachannel-src/deps/usrsctp/usrsctplib -fPIE -o CMakeFiles/cmTC_05f69.dir/src.c.o -c /mnt/d/code/project/Go2ProController/client/build2/CMakeFiles/CMakeTmp/src.c
/mnt/d/code/project/Go2ProController/client/build2/CMakeFiles/CMakeTmp/src.c: In function ‘main’:
/mnt/d/code/project/Go2ProController/client/build2/CMakeFiles/CMakeTmp/src.c:7:41: error: ‘struct sockaddr_in’ has no member named ‘sin_len’
    7 |   (void)sizeof(((struct sockaddr_in *)0)->sin_len);
      |                                         ^~
ninja: build stopped: subcommand failed.


Source file was:

#include <sys/types.h>
#include <netinet/in.h>

int main()
{
  (void)sizeof(((struct sockaddr_in *)0)->sin_len);
  return 0;
}

Performing C SOURCE FILE Test have_sin6_len failed with the following output:
Change Dir: /mnt/d/code/project/Go2ProController/client/build2/CMakeFiles/CMakeTmp

Run Build Command(s):/usr/bin/ninja cmTC_001a7 && [1/2] Building C object CMakeFiles/cmTC_001a7.dir/src.c.o
FAILED: CMakeFiles/cmTC_001a7.dir/src.c.o 
/usr/bin/cc -Dhave_sin6_len -I/mnt/d/code/project/Go2ProController/client/build/_deps/libdatachannel-src/deps/usrsctp/usrsctplib -fPIE -o CMakeFiles/cmTC_001a7.dir/src.c.o -c /mnt/d/code/project/Go2ProController/client/build2/CMakeFiles/CMakeTmp/src.c
/mnt/d/code/project/Go2ProController/client/build2/CMakeFiles/CMakeTmp/src.c: In function ‘main’:
/mnt/d/code/project/Go2ProController/client/build2/CMakeFiles/CMakeTmp/src.c:7:42: error: ‘struct sockaddr_in6’ has no member named ‘sin6_len’
    7 |   (void)sizeof(((struct sockaddr_in6 *)0)->sin6_len);
      |                                          ^~
ninja: build stopped: subcommand failed.


Source file was:

#include <sys/types.h>
#include <netinet/in.h>

int main()
{
  (void)sizeof(((struct sockaddr_in6 *)0)->sin6_len);
  return 0;
}

Performing C SOURCE FILE Test have_sconn_len failed with the following output:
Change Dir: /mnt/d/code/project/Go2ProController/client/build2/CMakeFiles/CMakeTmp

Run Build Command(s):/usr/bin/ninja cmTC_96757 && [1/2] Building C object CMakeFiles/cmTC_96757.dir/src.c.o
FAILED: CMakeFiles/cmTC_96757.dir/src.c.o 
/usr/bin/cc -Dhave_sconn_len -I/mnt/d/code/project/Go2ProController/client/build/_deps/libdatachannel-src/deps/usrsctp/usrsctplib -fPIE -o CMakeFiles/cmTC_96757.dir/src.c.o -c /mnt/d/code/project/Go2ProController/client/build2/CMakeFiles/CMakeTmp/src.c
/mnt/d/code/project/Go2ProController/client/build2/CMakeFiles/CMakeTmp/src.c: In function ‘main’:
/mnt/d/code/project/Go2ProController/client/build2/CMakeFiles/CMakeTmp/src.c:6:43: error: ‘struct sockaddr_conn’ has no member named ‘sconn_len’
    6 |   (void)sizeof(((struct sockaddr_conn *)0)->sconn_len);
      |                                           ^~
ninja: build stopped: subcommand failed.


Source file was:

#include <usrsctp.h>

int main()
{
  (void)sizeof(((struct sockaddr_conn *)0)->sconn_len);
  return 0;
}

Determining if the include file machine/types.h exists failed with the following output:
Change Dir: /mnt/d/code/project/Go2ProController/client/build2/CMakeFiles/CMakeTmp

Run Build Command(s):/usr/bin/ninja cmTC_7ccd7 && [1/2] Building C object CMakeFiles/cmTC_7ccd7.dir/CheckIncludeFile.c.o
FAILED: CMakeFiles/cmTC_7ccd7.dir/CheckIncludeFile.c.o 
/usr/bin/cc   -fPIE -std=gnu99 -o CMakeFiles/cmTC_7ccd7.dir/CheckIncludeFile.c.o -c /mnt/d/code/project/Go2ProController/client/build2/CMakeFiles/CMakeTmp/CheckIncludeFile.c
/mnt/d/code/project/Go2ProController/client/build2/CMakeFiles/CMakeTmp/CheckIncludeFile.c:1:10: fatal error: machine/types.h: No such file or directory
    1 | #include <machine/types.h>
      |          ^~~~~~~~~~~~~~~~~
compilation terminated.
ninja: build stopped: subcommand failed.



Determining if the include file sys/int_types.h exists failed with the following output:
Change Dir: /mnt/d/code/project/Go2ProController/client/build2/CMakeFiles/CMakeTmp

Run Build Command(s):/usr/bin/ninja cmTC_40638 && [1/2] Building C object CMakeFiles/cmTC_40638.dir/CheckIncludeFile.c.o
FAILED: CMakeFiles/cmTC_40638.dir/CheckIncludeFile.c.o 
/usr/bin/cc   -fPIE -std=gnu99 -o CMakeFiles/cmTC_40638.dir/CheckIncludeFile.c.o -c /mnt/d/code/project/Go2ProController/client/build2/CMakeFiles/CMakeTmp/CheckIncludeFile.c
/mnt/d/code/project/Go2ProController/client/build2/CMakeFiles/CMakeTmp/CheckIncludeFile.c:1:10: fatal error: sys/int_types.h: No such file or directory
    1 | #include <sys/int_types.h>
      |          ^~~~~~~~~~~~~~~~~
compilation terminated.
ninja: build stopped: subcommand failed.



Determining if the include file windows.h exists failed with the following output:
Change Dir: /mnt/d/code/project/Go2ProController/client/build2/CMakeFiles/CMakeTmp

Run Build Command(s):/usr/bin/ninja cmTC_d86e0 && [1/2] Building C object CMakeFiles/cmTC_d86e0.dir/CheckIncludeFile.c.o
FAILED: CMakeFiles/cmTC_d86e0.dir/CheckIncludeFile.c.o 
/usr/bin/cc   -fPIE -std=gnu99 -o CMakeFiles/cmTC_d86e0.dir/CheckIncludeFile.c.o -c /mnt/d/code/project/Go2ProController/client/build2/CMakeFiles/CMakeTmp/CheckIncludeFile.c
/mnt/d/code/project/Go2ProController/client/build2/CMakeFiles/CMakeTmp/CheckIncludeFile.c:1:10: fatal error: windows.h: No such file or directory
    1 | #include <windows.h>
      |          ^~~~~~~~~~~
compilation terminated.
ninja: build stopped: subcommand failed.



Determining if the include file winsock2.h exists failed with the following output:
Change Dir: /mnt/d/code/project/Go2ProController/client/build2/CMakeFiles/CMakeTmp

Run Build Command(s):/usr/bin/ninja cmTC_bf181 && [1/2] Building C object CMakeFiles/cmTC_bf181.dir/CheckIncludeFile.c.o
FAILED: CMakeFiles/cmTC_bf181.dir/CheckIncludeFile.c.o 
/usr/bin/cc   -fPIE -std=gnu99 -o CMakeFiles/cmTC_bf181.dir/CheckIncludeFile.c.o -c /mnt/d/code/project/Go2ProController/client/build2/CMakeFiles/CMakeTmp/CheckIncludeFile.c
/mnt/d/code/project/Go2ProController/client/build2/CMakeFiles/CMakeTmp/CheckIncludeFile.c:1:10: fatal error: winsock2.h: No such file or directory
    1 | #include <winsock2.h>
      |          ^~~~~~~~~~~~
compilation terminated.
ninja: build stopped: subcommand failed.



